// Jest Snapshot v1, https://goo.gl/fbAQLP

exports[`Pruebas en <GifItem/> should hacer match con el snapshot 1`] = `
<div>
  <div
    class="card"
  >
    <img
      alt="Acciones"
      src="https://datosgov.com.co"
    />
    <p>
      Acciones
    </p>
  </div>
</div>
`;
